Dung luong Ram: 268435456 
Time slot   0
===== PHYSICAL MEMORY DUMP =====
masz : 268435456 
===== PHYSICAL MEMORY END-DUMP =====
ld_routine
	Loaded a process at input/proc/p0s, PID: 1 PRIO: 0
Time slot   1
	CPU 1: Dispatched process  1
	Loaded a process at input/proc/p1s, PID: 2 PRIO: 15
Time slot   2
	CPU 0: Dispatched process  2
Page num 0 -> Address: 0 
liballoc:215
Page Table Dump for PID 1:
print_pgtbl:
 PDG=00007e08ec000bd0 P4G=00007e08ec001be0 PUD=00007e08ec002bf0 PMD=00007e08ec003c00
  00000: [80000000] (FPN: 0)
Time slot   3
Page num 1 -> Address: 4096 
liballoc:215
Page Table Dump for PID 1:
print_pgtbl:
 PDG=00007e08ec000bd0 P4G=00007e08ec001be0 PUD=00007e08ec002bf0 PMD=00007e08ec003c00
  00000: [80000000] (FPN: 0)
  00001: [80000001] (FPN: 1)
	Loaded a process at input/proc/p1s, PID: 3 PRIO: 0
Time slot   4
Time slot   5
Page num 2 -> Address: 8192 
liballoc:215
Page Table Dump for PID 1:
print_pgtbl:
 PDG=00007e08ec000bd0 P4G=00007e08ec001be0 PUD=00007e08ec002bf0 PMD=00007e08ec003c00
  00000: [80000000] (FPN: 0)
  00001: [80000001] (FPN: 1)
  00002: [80000002] (FPN: 2)
Time slot   6
ERROR: Write offset 20 out of bounds [0, 0)
	Loaded a process at input/proc/p0s, PID: 4 PRIO: 0
Time slot   7
	CPU 1: Put process  1 to run queue
	CPU 1: Dispatched process  3
Time slot   8
	CPU 0: Put process  2 to run queue
	CPU 0: Dispatched process  4
Time slot   9
Page num 0 -> Address: 0 
liballoc:215
Page Table Dump for PID 4:
print_pgtbl:
 PDG=00007e08f40094a0 P4G=00007e08f400a4b0 PUD=00007e08f400b4c0 PMD=00007e08f400c4d0
  00000: [80000003] (FPN: 3)
Time slot  10
Page num 1 -> Address: 4096 
liballoc:215
Page Table Dump for PID 4:
print_pgtbl:
 PDG=00007e08f40094a0 P4G=00007e08f400a4b0 PUD=00007e08f400b4c0 PMD=00007e08f400c4d0
  00000: [80000003] (FPN: 3)
  00001: [80000004] (FPN: 4)
Time slot  11
Time slot  12
Page num 2 -> Address: 8192 
liballoc:215
Page Table Dump for PID 4:
print_pgtbl:
 PDG=00007e08f40094a0 P4G=00007e08f400a4b0 PUD=00007e08f400b4c0 PMD=00007e08f400c4d0
  00000: [80000003] (FPN: 3)
  00001: [80000004] (FPN: 4)
  00002: [80000005] (FPN: 5)
Time slot  13
	CPU 1: Put process  3 to run queue
	CPU 1: Dispatched process  1
DEBUG CHECK READ: PID=1 read form Addr=20 -> Got Value=0
libread:490
Page Table Dump for PID 1:
print_pgtbl:
 PDG=00007e08ec000bd0 P4G=00007e08ec001be0 PUD=00007e08ec002bf0 PMD=00007e08ec003c00
  00000: [80000000] (FPN: 0)
  00001: [80000001] (FPN: 1)
  00002: [80000002] (FPN: 2)
ERROR: Write offset 20 out of bounds [0, 0)
Time slot  14
ERROR: Write offset 20 out of bounds [0, 0)
	CPU 0: Put process  4 to run queue
	CPU 0: Dispatched process  3
Time slot  15
DEBUG CHECK READ: PID=1 read form Addr=20 -> Got Value=0
libread:490
Page Table Dump for PID 1:
print_pgtbl:
 PDG=00007e08ec000bd0 P4G=00007e08ec001be0 PUD=00007e08ec002bf0 PMD=00007e08ec003c00
  00000: [80000000] (FPN: 0)
  00001: [80000001] (FPN: 1)
  00002: [80000002] (FPN: 2)
Time slot  16
ERROR: Write offset 20 out of bounds [0, 0)
Time slot  17
DEBUG CHECK READ: PID=1 read form Addr=20 -> Got Value=0
libread:490
Page Table Dump for PID 1:
print_pgtbl:
 PDG=00007e08ec000bd0 P4G=00007e08ec001be0 PUD=00007e08ec002bf0 PMD=00007e08ec003c00
  00000: [80000000] (FPN: 0)
  00001: [80000001] (FPN: 1)
  00002: [80000002] (FPN: 2)
Time slot  18
	CPU 0: Processed  3 has finished
	CPU 0: Dispatched process  4
DEBUG CHECK READ: PID=4 read form Addr=12308 -> Got Value=0
libread:490
Page Table Dump for PID 4:
print_pgtbl:
 PDG=00007e08f40094a0 P4G=00007e08f400a4b0 PUD=00007e08f400b4c0 PMD=00007e08f400c4d0
  00000: [80000003] (FPN: 3)
  00001: [80000004] (FPN: 4)
  00002: [80000005] (FPN: 5)
Time slot  19
	CPU 1: Put process  1 to run queue
	CPU 1: Dispatched process  1
ERROR: Write offset 20 out of bounds [0, 0)
Time slot  20
DEBUG CHECK READ: PID=4 read form Addr=12308 -> Got Value=0
libread:490
Page Table Dump for PID 4:
print_pgtbl:
 PDG=00007e08f40094a0 P4G=00007e08f400a4b0 PUD=00007e08f400b4c0 PMD=00007e08f400c4d0
  00000: [80000003] (FPN: 3)
  00001: [80000004] (FPN: 4)
  00002: [80000005] (FPN: 5)
Time slot  21
	CPU 1: Processed  1 has finished
	CPU 1: Dispatched process  2
ERROR: Write offset 20 out of bounds [0, 0)
Time slot  22
DEBUG CHECK READ: PID=4 read form Addr=12308 -> Got Value=0
libread:490
Page Table Dump for PID 4:
print_pgtbl:
 PDG=00007e08f40094a0 P4G=00007e08f400a4b0 PUD=00007e08f400b4c0 PMD=00007e08f400c4d0
  00000: [80000003] (FPN: 3)
  00001: [80000004] (FPN: 4)
  00002: [80000005] (FPN: 5)
Time slot  23
Time slot  24
	CPU 0: Put process  4 to run queue
	CPU 0: Dispatched process  4
Time slot  25
	CPU 1: Processed  2 has finished
	CPU 1 stopped
Time slot  26
	CPU 0: Processed  4 has finished
	CPU 0 stopped
